// Jest Snapshot v1, https://goo.gl/fbAQLP

exports[`renders Header unchanged 1`] = `
<div>
  <header
    class="container"
  >
    <svg
      color="white"
      fill="none"
      height="20"
      stroke="currentColor"
      stroke-linecap="round"
      stroke-linejoin="round"
      stroke-width="3"
      style="color: white;"
      viewBox="0 0 24 24"
      width="20"
      xmlns="http://www.w3.org/2000/svg"
    >
      <circle
        cx="11"
        cy="11"
        r="8"
      />
      <line
        x1="21"
        x2="16.65"
        y1="21"
        y2="16.65"
      />
    </svg>
    <a
      class="logo"
      href="/"
    >
      <img
        alt="Trakt logo: a red circle with an inclined letter T"
        data-nimg="1"
        decoding="async"
        height="40"
        loading="lazy"
        src="/_next/image?url=https%3A%2F%2Ftrakt.tv%2Fassets%2Flogos%2Fheader%402x-d6926a2c93734bee72c5813819668ad494dbbda651457cd17d15d267bc75c657.png&w=96&q=75"
        srcset="/_next/image?url=https%3A%2F%2Ftrakt.tv%2Fassets%2Flogos%2Fheader%402x-d6926a2c93734bee72c5813819668ad494dbbda651457cd17d15d267bc75c657.png&w=48&q=75 1x, /_next/image?url=https%3A%2F%2Ftrakt.tv%2Fassets%2Flogos%2Fheader%402x-d6926a2c93734bee72c5813819668ad494dbbda651457cd17d15d267bc75c657.png&w=96&q=75 2x"
        style="color: transparent;"
        width="40"
      />
    </a>
    <div
      class="menus"
    >
      <svg
        color="white"
        fill="none"
        height="25"
        stroke="currentColor"
        stroke-linecap="round"
        stroke-linejoin="round"
        stroke-width="3"
        style="color: white;"
        viewBox="0 0 24 24"
        width="25"
        xmlns="http://www.w3.org/2000/svg"
      >
        <line
          x1="3"
          x2="21"
          y1="12"
          y2="12"
        />
        <line
          x1="3"
          x2="21"
          y1="6"
          y2="6"
        />
        <line
          x1="3"
          x2="21"
          y1="18"
          y2="18"
        />
      </svg>
      <img
        alt="The user's profile picture"
        data-nimg="1"
        decoding="async"
        height="35"
        loading="lazy"
        src="/_next/image?url=https%3A%2F%2Fgithub.com%2Fmiguelriosoliveira.png&w=96&q=75"
        srcset="/_next/image?url=https%3A%2F%2Fgithub.com%2Fmiguelriosoliveira.png&w=48&q=75 1x, /_next/image?url=https%3A%2F%2Fgithub.com%2Fmiguelriosoliveira.png&w=96&q=75 2x"
        style="color: transparent;"
        width="35"
      />
    </div>
  </header>
</div>
`;
